Refreshing run status every 20 seconds. Press Ctrl+C to quit.

* main build-ipa-2apps · 37222294311
Triggered via push less than a minute ago

JOBS
* build (ID 111494914077)
  ✓ Set up job
  ✓ Run actions/checkout@v4
  ✓ Inject secret + build stamp (硬门禁)
  ✓ Ensure xcodegen (预装优先 + 官方包兜底，绕开 brew 网络依赖)
  ✓ Generate Xcode project
  * Build two apps (unsigned, device SDK)
  * Encrypt IPAs (公开仓禁止明文产物)
  * Upload encrypted IPAs
  * Publish update.json (App 更新数据源)
  * Post Run actions/checkout@v4
Refreshing run status every 20 seconds. Press Ctrl+C to quit.

* main build-ipa-2apps · 37222294311
Triggered via push less than a minute ago

JOBS
* build (ID 111494914077)
  ✓ Set up job
  ✓ Run actions/checkout@v4
  ✓ Inject secret + build stamp (硬门禁)
  ✓ Ensure xcodegen (预装优先 + 官方包兜底，绕开 brew 网络依赖)
  ✓ Generate Xcode project
  * Build two apps (unsigned, device SDK)
  * Encrypt IPAs (公开仓禁止明文产物)
  * Upload encrypted IPAs
  * Publish update.json (App 更新数据源)
  * Post Run actions/checkout@v4
Refreshing run status every 20 seconds. Press Ctrl+C to quit.

* main build-ipa-2apps · 37222294311
Triggered via push about 1 minute ago

JOBS
* build (ID 111494914077)
  ✓ Set up job
  ✓ Run actions/checkout@v4
  ✓ Inject secret + build stamp (硬门禁)
  ✓ Ensure xcodegen (预装优先 + 官方包兜底，绕开 brew 网络依赖)
  ✓ Generate Xcode project
  * Build two apps (unsigned, device SDK)
  * Encrypt IPAs (公开仓禁止明文产物)
  * Upload encrypted IPAs
  * Publish update.json (App 更新数据源)
  * Post Run actions/checkout@v4
Refreshing run status every 20 seconds. Press Ctrl+C to quit.

* main build-ipa-2apps · 37222294311
Triggered via push about 1 minute ago

JOBS
* build (ID 111494914077)
  ✓ Set up job
  ✓ Run actions/checkout@v4
  ✓ Inject secret + build stamp (硬门禁)
  ✓ Ensure xcodegen (预装优先 + 官方包兜底，绕开 brew 网络依赖)
  ✓ Generate Xcode project
  * Build two apps (unsigned, device SDK)
  * Encrypt IPAs (公开仓禁止明文产物)
  * Upload encrypted IPAs
  * Publish update.json (App 更新数据源)
  * Post Run actions/checkout@v4
Refreshing run status every 20 seconds. Press Ctrl+C to quit.

* main build-ipa-2apps · 37222294311
Triggered via push about 1 minute ago

JOBS
* build (ID 111494914077)
  ✓ Set up job
  ✓ Run actions/checkout@v4
  ✓ Inject secret + build stamp (硬门禁)
  ✓ Ensure xcodegen (预装优先 + 官方包兜底，绕开 brew 网络依赖)
  ✓ Generate Xcode project
  * Build two apps (unsigned, device SDK)
  * Encrypt IPAs (公开仓禁止明文产物)
  * Upload encrypted IPAs
  * Publish update.json (App 更新数据源)
  * Post Run actions/checkout@v4
Refreshing run status every 20 seconds. Press Ctrl+C to quit.

* main build-ipa-2apps · 37222294311
Triggered via push about 2 minutes ago

JOBS
* build (ID 111494914077)
  ✓ Set up job
  ✓ Run actions/checkout@v4
  ✓ Inject secret + build stamp (硬门禁)
  ✓ Ensure xcodegen (预装优先 + 官方包兜底，绕开 brew 网络依赖)
  ✓ Generate Xcode project
  * Build two apps (unsigned, device SDK)
  * Encrypt IPAs (公开仓禁止明文产物)
  * Upload encrypted IPAs
  * Publish update.json (App 更新数据源)
  * Post Run actions/checkout@v4
Refreshing run status every 20 seconds. Press Ctrl+C to quit.

* main build-ipa-2apps · 37222294311
Triggered via push about 2 minutes ago

JOBS
* build (ID 111494914077)
  ✓ Set up job
  ✓ Run actions/checkout@v4
  ✓ Inject secret + build stamp (硬门禁)
  ✓ Ensure xcodegen (预装优先 + 官方包兜底，绕开 brew 网络依赖)
  ✓ Generate Xcode project
  ✓ Build two apps (unsigned, device SDK)
  ✓ Encrypt IPAs (公开仓禁止明文产物)
  ✓ Upload encrypted IPAs
  * Publish update.json (App 更新数据源)
  * Post Run actions/checkout@v4
✓ main build-ipa-2apps · 37222294311
Triggered via push about 3 minutes ago

JOBS
✓ build in 2m32s (ID 111494914077)
  ✓ Set up job
  ✓ Run actions/checkout@v4
  ✓ Inject secret + build stamp (硬门禁)
  ✓ Ensure xcodegen (预装优先 + 官方包兜底，绕开 brew 网络依赖)
  ✓ Generate Xcode project
  ✓ Build two apps (unsigned, device SDK)
  ✓ Encrypt IPAs (公开仓禁止明文产物)
  ✓ Upload encrypted IPAs
  ✓ Publish update.json (App 更新数据源)
  ✓ Post Run actions/checkout@v4
  ✓ Complete job

ANNOTATIONS
! Node.js 20 is deprecated. The following actions target Node.js 20 but are being forced to run on Node.js 24: actions/checkout@v4, actions/upload-artifact@v4. For more information see: https://github.blog/changelog/2025-09-19-deprecation-of-node-20-on-github-actions-runners/
build: .github#4

- Due to capacity constraints, jobs targeting macOS arm64 runners may experience longer queue times.
build: .github#1

